// Jest Snapshot v1, https://goo.gl/fbAQLP

exports[`Tabs component renders impty given no tabs 1`] = `
<div>
  0
</div>
`;

exports[`Tabs component renders the first tab by default 1`] = `
<div>
  <button>
    First tab
  </button>
  <button>
    Second tab
  </button>
  <button>
    Third tab
  </button>
  <div>
    Lorem ipsum dolor sit amet consectetur
  </div>
</div>
`;
